output: Str("(A Warner Bros.-First National Picture) (presents)")Str("A Clockwork Orange")Num(1934)
output: Str("(Set Decoration Rentals) (uncredited)")Str("Disaster Movie")Num(2008)
output: Str("(co-production)")Str("Intouchables")Num(2011)
output: Str("(Set Decoration Rentals) (uncredited)")Str("Disaster Movie")Num(2004)
output: Str("'Doc'")
output: Str("'Doc'")
output: Str("& Teller")
output: Str("2 Days in New York")
output: Str("300: Rise of an Empire")
output: Str("& Teller 2")
output: Str("5.1")Str("& Teller 2")
output: Str("9.1")Str("Batman: Arkham City")
output: Str("2.1")Str("& Teller 2")
output: Str("11,830,420")
output: Str("Churchill Films")Str("followed by")Str("Batman Beyond")
output: Str("Filmlance International AB")Str("follows")Str("The Money Man")
output: Str("20th Century Fox Home Entertainment")Str("(1997-2002) (worldwide) (all media)")Str("24")
output: Str("13th Street")Str("(1954) (UK) (TV)")Str("...denn sie wissen nicht, was sie tun")
output: Str("10th Grade Reunion Films")Str("8.1")Str("3:20")
output: Str("$10,000")Str("Birdemic: Shock and Terror")
output: Str("\"Oh That Gus!\"")Str("7.1")Str("$1.11")
output: Str("Afghanistan:24 June 2012")Str("1.0")Str("&Me")
output: Str("501audio")Str("1.8")Str("5 Time Champion")
output: Str("DL Sites")Str("1.8")Str("Champion")
output: Str("\"O\" Films")Str("1.0")Str("#54 Meets #47")
output: Str("1.0")Str("$lowdown")
output: Str("6.4")Str("Of Dolls and Murder")
output: Str("1.0")Str("$lowdown")
output: Str("USA:1 June 2007")Str("Battlestar Galactica: The Resistance")
output: Str("USA:27 April 2007")Str("RoboCop vs Terminator")
output: Str("USA:1 April 2003")Str("24: Day Six - Debrief")
output: Str("(Not So) Instant Photo")Str("06/05")
output: Str("Det Danske Filminstitut")Str("followed by")Str("Der Serienkiller - Klinge des Todes")
output: Str("Filmlance International AB")Str("followed by")Str("HÃ¤mndens pris")
output: Str("Churchill Films")Str("followed by")Str("Batman Beyond")
output: Str("alternate language version of")Str("12 oz. Mouse")Str("'Angel': Season 2 Overview")
